// Jest Snapshot v1, https://goo.gl/fbAQLP

exports[`Message Component renders correctly 1`] = `
<div
  className="message"
>
  Congratulations 
  user
  . You're time: 
  10
   seconds.
</div>
`;
